Diagnose log at 2026-07-27T16:23:01Z

AppPath: C:\Program Files\Git\mingw64\bin\git-credential-manager.exe
InstallDir: C:\Program Files\Git\mingw64\bin\
Version: 2.6.1+786ab03440ddc82e807a97c0e540f5247e44cec6

------------
Diagnostic: Environment
Skipped: False
Success: True
Exception: None
Log:
OSType: Windows
OSVersion: 10.0 (build 26200)
Reading environment variables... OK
 Variables:
HOMEPATH=\Users\prath
DriverData=C:\Windows\System32\Drivers\DriverData
COMPUTERNAME=PRATHAMESH
EFC_10716_1262719628=1
GIT_TRACE2_PARENT_SID=20c473ed-a265-4a4d-8626-ba995027a393
CommonProgramFiles(x86)=C:\Program Files (x86)\Common Files
OneDrive=C:\Users\prath\OneDrive
LEVEL_ZERO_V1_SDK_PATH=C:\Program Files\LevelZeroSDK\1.24.0\
SESSIONNAME=Console
LANG=en_US.UTF-8
TMP=C:\Users\prath\AppData\Local\Temp
PROCESSOR_REVISION=8c01
PATHEXT=.COM;.EXE;.BAT;.CMD;.VBS;.VBE;.JS;.JSE;.WSF;.WSH;.MSC;.CPL
VSCODE_GIT_ASKPASS_MAIN=c:\Users\prath\AppData\Roaming\Code\User\globalStorage\vscode.git\askpass\70789581cae28aa7\askpass-main.js
GIT_ASKPASS=c:\Users\prath\AppData\Roaming\Code\User\globalStorage\vscode.git\askpass\70789581cae28aa7\askpass.sh
GIT_EXEC_PATH=C:/Program Files/Git/mingw64/libexec/git-core
TEMP=C:\Users\prath\AppData\Local\Temp
LOCALAPPDATA=C:\Users\prath\AppData\Local
MSYSTEM=MINGW64
TERM=xterm-256color
VSCODE_PYTHON_AUTOACTIVATE_GUARD=1
COLORTERM=truecolor
EFC_10716_3789132940=1
USERDOMAIN=PRATHAMESH
ProgramFiles(x86)=C:\Program Files (x86)
Path=C:/Program Files/Git/mingw64/libexec/git-core;C:\Program Files\Git\mingw64\bin;C:\Program Files\Git\usr\bin;C:\Users\prath\bin;C:\Program Files\Common Files\Oracle\Java\javapath;C:\Program Files (x86)\Common Files\Oracle\Java\javapath;C:\WINDOWS\system32;C:\WINDOWS;C:\WINDOWS\System32\Wbem;C:\WINDOWS\System32\WindowsPowerShell\v1.0\;C:\WINDOWS\System32\OpenSSH\;C:\Program Files\dotnet\;C:\Program Files\nodejs\;C:\Program Files\MySQL\MySQL Server 8.0\bin;C:\src\flutter\bin;C:\Program Files\Git\cmd;C:\Program Files (x86)\NVIDIA Corporation\PhysX\Common;C:\Program Files\NVIDIA Corporation\NVIDIA App\NvDLISR;C:\Program Files\Docker\Docker\resources\bin;C:\MinGW\bin;C:\Users\prath\AppData\Local\Programs\Python\Python312\Scripts\;C:\Users\prath\AppData\Local\Programs\Python\Python312\;C:\Users\prath\AppData\Local\Microsoft\WindowsApps;C:\Users\prath\AppData\Local\Programs\Microsoft VS Code\bin;C:\Users\prath\AppData\Roaming\npm;C:\Program Files\MySQL\MySQL Server 8.0\bin;C:\Program Files\flutter\bin;C:\Users\prath\AppData\Local\Programs\Antigravity\bin;C:\Program Files (x86)\Nmap
TERM_PROGRAM=vscode
PROCESSOR_LEVEL=6
PROCESSOR_IDENTIFIER=Intel64 Family 6 Model 140 Stepping 1, GenuineIntel
TMPDIR=C:\Users\prath\AppData\Local\Temp
VSCODE_GIT_ASKPASS_EXTRA_ARGS=
TERM_PROGRAM_VERSION=1.130.0
EFC_10716_4126798990=1
PSModulePath=C:\Users\prath\OneDrive\Documents\WindowsPowerShell\Modules;C:\Program Files\WindowsPowerShell\Modules;C:\WINDOWS\system32\WindowsPowerShell\v1.0\Modules
PUBLIC=C:\Users\Public
NUMBER_OF_PROCESSORS=8
FPS_BROWSER_USER_PROFILE_STRING=Default
CommonProgramFiles=C:\Program Files (x86)\Common Files
VSCODE_INJECTION=1
EFC_10716_1592913036=1
VSCODE_GIT_IPC_HANDLE=\\.\pipe\vscode-git-28192fd418-sock
CHROME_CRASHPAD_PIPE_NAME=\\.\pipe\crashpad_17908_JMWUQSJKOXHJHZNH
asl.log=Destination=file
PLINK_PROTOCOL=ssh
ProgramData=C:\ProgramData
ProgramW6432=C:\Program Files
ProgramFiles=C:\Program Files (x86)
EFC_10716_2283032206=1
EFC_10716_2775293581=1
VSCODE_GIT_ASKPASS_NODE=C:\Users\prath\AppData\Local\Programs\Microsoft VS Code\Code.exe
SystemRoot=C:\WINDOWS
HOME=C:\Users\prath
EFC_10716_344590478=1
ZES_ENABLE_SYSMAN=1
LOGONSERVER=\\PRATHAMESH
USERPROFILE=C:\Users\prath
CommonProgramW6432=C:\Program Files\Common Files
USERDOMAIN_ROAMINGPROFILE=PRATHAMESH
APPDATA=C:\Users\prath\AppData\Roaming
HOMEDRIVE=C:
USERNAME=prath
PROCESSOR_ARCHITEW6432=AMD64
FPS_BROWSER_APP_PROFILE_STRING=Internet Explorer
PROCESSOR_ARCHITECTURE=x86
OS=Windows_NT
ComSpec=C:\WINDOWS\system32\cmd.exe
SystemDrive=C:
windir=C:\WINDOWS
OneDriveConsumer=C:\Users\prath\OneDrive
ALLUSERSPROFILE=C:\ProgramData


------------
Diagnostic: File system
Skipped: False
Success: True
Exception: None
Log:
Temporary directory is 'C:\Users\prath\AppData\Local\Temp\'...
Checking basic file I/O...
Writing to temporary file 'C:\Users\prath\AppData\Local\Temp\5a3d4d079134383b5eea219b'... OK
Reading from temporary file 'C:\Users\prath\AppData\Local\Temp\5a3d4d079134383b5eea219b'... OK
Deleting temporary file 'C:\Users\prath\AppData\Local\Temp\5a3d4d079134383b5eea219b'... OK
Testing IFileSystem instance...
UserHomePath: C:\Users\prath
UserDataDirectoryPath: C:\Users\prath\.gcm
GetCurrentDirectory(): C:\Users\prath\OneDrive\Desktop\quizApp

------------
Diagnostic: Networking
Skipped: False
Success: True
Exception: None
Log:
Checking networking and HTTP stack...
Creating HTTP client... OK
IsNetworkAvailable: True
Sending HEAD request to http://example.com...Sending HEAD request to https://example.com... OK
 OK
Acquiring free TCP port... OK
Testing local HTTP loopback connections...
Creating new HTTP listener for http://localhost:10831/... OK
Waiting for loopback connection... OK
Writing response... OK
Waiting for response data... OK
Loopback connection data OK

------------
Diagnostic: Git
Skipped: False
Success: True
Exception: None
Log:
Getting Git version... OK
Git version is '2.51.2.windows.1'
Locating current repository...Git repository at 'C:/Users/prath/OneDrive/Desktop/quizApp/.git'
 OK
Listing all Git configuration... OK
Git configuration:
file:C:/Program Files/Git/etc/gitconfig	diff.astextplain.textconv=astextplain
file:C:/Program Files/Git/etc/gitconfig	filter.lfs.clean=git-lfs clean -- %f
file:C:/Program Files/Git/etc/gitconfig	filter.lfs.smudge=git-lfs smudge -- %f
file:C:/Program Files/Git/etc/gitconfig	filter.lfs.process=git-lfs filter-process
file:C:/Program Files/Git/etc/gitconfig	filter.lfs.required=true
file:C:/Program Files/Git/etc/gitconfig	http.sslbackend=schannel
file:C:/Program Files/Git/etc/gitconfig	core.autocrlf=true
file:C:/Program Files/Git/etc/gitconfig	core.fscache=true
file:C:/Program Files/Git/etc/gitconfig	core.symlinks=false
file:C:/Program Files/Git/etc/gitconfig	pull.rebase=false
file:C:/Program Files/Git/etc/gitconfig	credential.helper=manager
file:C:/Program Files/Git/etc/gitconfig	credential.https://dev.azure.com.usehttppath=true
file:C:/Program Files/Git/etc/gitconfig	init.defaultbranch=master
file:C:/Users/prath/.gitconfig	user.name=Prathamesh
file:C:/Users/prath/.gitconfig	user.email=prathamesh.kolhe7905@gmail.com
file:C:/Users/prath/.gitconfig	credential.helper=
file:C:/Users/prath/.gitconfig	credential.helper=C:/Program\ Files/Git/mingw64/bin/git-credential-manager.exe
file:.git/config	core.repositoryformatversion=0
file:.git/config	core.filemode=false
file:.git/config	core.bare=false
file:.git/config	core.logallrefupdates=true
file:.git/config	core.symlinks=false
file:.git/config	core.ignorecase=true
file:.git/config	remote.origin.url=https://github.com/prathamesh0705/Quizy-Proctor.git
file:.git/config	remote.origin.fetch=+refs/heads/*:refs/remotes/origin/*


------------
Diagnostic: Credential storage
Skipped: False
Success: True
Exception: None
Log:
ICredentialStore instance is of type: CredentialStore
Writing test credential... OK
Reading test credential... OK
Deleting test credential... OK

------------
Diagnostic: Microsoft authentication (AAD/MSA)
Skipped: False
Success: True
Exception: None
Log:
Broker is not enabled.
Flow type is: Auto
Gathering MSAL token cache data... OK
CacheDirectory: C:\Users\prath\AppData\Local\.IdentityService
CacheFileName: msal.cache
CacheFilePath: C:\Users\prath\AppData\Local\.IdentityService\msal.cache
Creating cache helper... OK
Verifying MSAL token cache persistence... OK

------------
Diagnostic: GitHub API
Skipped: False
Success: True
Exception: None
Log:
Using 'https://github.com/' as API target.
Querying '/meta' endpoint... OK

